
[45m[1m  LEAF EARN MINER · MULTI  [0m
[2026-09-29 02:18:26] [36mℹ[0m adview "Watch Ads & Earn #1" (ADSGRAM) — 7 ভিউ
[2026-09-29 02:18:41] [32m✔[0m Watch Ads & Earn #1 1/7  ✅ +200 (base 200, div 1, tap 1/1 → FULL ✓) bal=3059
[2026-09-29 02:18:58] [32m✔[0m Watch Ads & Earn #1 2/7  ✅ +150 (base 150, div 1, tap 1/1 → FULL ✓) bal=3209
[2026-09-29 02:19:15] [32m✔[0m Watch Ads & Earn #1 3/7  ✅ +100 (base 100, div 1, tap 1/1 → FULL ✓) bal=3309
[2026-09-29 02:19:32] [32m✔[0m Watch Ads & Earn #1 4/7  ✅ +70 (base 70, div 1, tap 1/1 → FULL ✓) bal=3379
[2026-09-29 02:19:50] [32m✔[0m Watch Ads & Earn #1 5/7  ✅ +60 (base 60, div 1, tap 1/1 → FULL ✓) bal=3439
[2026-09-29 02:20:08] [32m✔[0m Watch Ads & Earn #1 6/7  ✅ +50 (base 50, div 1, tap 1/1 → FULL ✓) bal=3489
[2026-09-29 02:20:25] [32m✔[0m Watch Ads & Earn #1 7/7  ✅ +50 (base 50, div 1, tap 1/1 → FULL ✓) bal=3539
[2026-09-29 02:20:27] [36mℹ[0m adview "Watch Ads & Earn #2" (MONETAG) — 10 ভিউ
[2026-09-29 02:20:43] [32m✔[0m Watch Ads & Earn #2 1/10  ✅ +100 (base 100, div 1, tap 0/0 → FULL ✓) bal=3639
[2026-09-29 02:21:00] [32m✔[0m Watch Ads & Earn #2 2/10  ✅ +90 (base 90, div 1, tap 0/0 → FULL ✓) bal=3729

[45m[1m  ⚠ QUICK SAFETY CHECK দরকার (main)  [0m
[33m⚠[0m Leaf সার্ভার একটা ৪-সংখ্যার কোড চাইছে (leaf.v1.TaskService/StartAdView)। বট এখন কোড পাঠাতে বলছে…
[33m⚠[0m Telegram-এ @LeafEarnBot-এর মেসেজে কোড আসবে → চালাও:  node leafmine.js safety <CODE> --only main
[33m⚠[0m (অথবা ফোনে Leaf অ্যাপ খুলে কোডটা দিলেও হবে — বট নিজে থেকে আবার চালু হবে)

[2026-09-29 02:21:02] [33m⚠[0m Watch Ads & Earn #2 ভিউ 3 থামল: safety_check_required
[2026-09-29 02:21:02] [33m⚠[0m ADEXIUM #6: startAdView: safety_check_required
[2026-09-29 02:21:03] [33m⚠[0m LINK "Click & Earn": safety_check_required
[2026-09-29 02:21:36] [33m⚠[0m quick ADSGRAM_LINK: safety_check_required
[2026-09-29 02:21:37] [32m✔[0m adcrack শেষ — views ✓9, claims ✓0
