──── tick 1 ────

  LEAF EARN MINER · MULTI  
[2026-09-29 02:36:15] ✔ auth ✓ Abdur081 · 🌿 5689 leaf · role=USER
── main ── 🌿 5689 leaf · 🎁 Heart (pts 225/300 · 18/25 taps, next 08:07)
[2026-09-29 02:36:15] ℹ → MINE (tap 19/25) ...
[2026-09-29 02:36:28] ✔ mine ✓ +12 pts (1 divisor) · 237/300 pts · next 03:16
──── tick 2 ────

  LEAF EARN MINER · MULTI  
[2026-09-29 02:36:32] ✔ auth ✓ Abdur081 · 🌿 5689 leaf · role=USER
── main ── 🌿 5689 leaf · 🎁 Heart (pts 237/300 · 19/25 taps, next 03:16)
[2026-09-29 02:36:32] ℹ ⏳ পরের mine 39m 57s পরে (03:16)
──── tick 3 ────

  LEAF EARN MINER · MULTI  
[2026-09-29 02:36:35] ✔ auth ✓ Abdur081 · 🌿 5689 leaf · role=USER
── main ── 🌿 5689 leaf · 🎁 Heart (pts 237/300 · 19/25 taps, next 03:16)
[2026-09-29 02:36:35] ℹ ⏳ পরের mine 39m 53s পরে (03:16)
──── tick 4 ────

  LEAF EARN MINER · MULTI  
[2026-09-29 02:36:39] ✔ auth ✓ Abdur081 · 🌿 5689 leaf · role=USER
── main ── 🌿 5689 leaf · 🎁 Heart (pts 237/300 · 19/25 taps, next 03:16)
[2026-09-29 02:36:39] ℹ ⏳ পরের mine 39m 49s পরে (03:16)
──── tick 5 ────

  LEAF EARN MINER · MULTI  
[2026-09-29 02:36:43] ✔ auth ✓ Abdur081 · 🌿 5689 leaf · role=USER
── main ── 🌿 5689 leaf · 🎁 Heart (pts 237/300 · 19/25 taps, next 03:16)
[2026-09-29 02:36:43] ℹ ⏳ পরের mine 39m 45s পরে (03:16)
──── tick 6 ────

  LEAF EARN MINER · MULTI  
[2026-09-29 02:36:47] ✔ auth ✓ Abdur081 · 🌿 5689 leaf · role=USER
── main ── 🌿 5689 leaf · 🎁 Heart (pts 237/300 · 19/25 taps, next 03:16)
[2026-09-29 02:36:47] ℹ ⏳ পরের mine 39m 42s পরে (03:16)
──── tick 7 ────

  LEAF EARN MINER · MULTI  
[2026-09-29 02:36:50] ✔ auth ✓ Abdur081 · 🌿 5689 leaf · role=USER
── main ── 🌿 5689 leaf · 🎁 Heart (pts 237/300 · 19/25 taps, next 03:16)
[2026-09-29 02:36:50] ℹ ⏳ পরের mine 39m 38s পরে (03:16)
──── tick 8 ────

  LEAF EARN MINER · MULTI  
[2026-09-29 02:36:54] ✔ auth ✓ Abdur081 · 🌿 5689 leaf · role=USER
── main ── 🌿 5689 leaf · 🎁 Heart (pts 237/300 · 19/25 taps, next 03:16)
[2026-09-29 02:36:54] ℹ ⏳ পরের mine 39m 34s পরে (03:16)
──── tick 9 ────

  LEAF EARN MINER · MULTI  
[2026-09-29 02:36:58] ✔ auth ✓ Abdur081 · 🌿 5689 leaf · role=USER
── main ── 🌿 5689 leaf · 🎁 Heart (pts 237/300 · 19/25 taps, next 03:16)
[2026-09-29 02:36:58] ℹ ⏳ পরের mine 39m 30s পরে (03:16)
──── tick 10 ────

  LEAF EARN MINER · MULTI  
[2026-09-29 02:37:01] ✔ auth ✓ Abdur081 · 🌿 5689 leaf · role=USER
── main ── 🌿 5689 leaf · 🎁 Heart (pts 237/300 · 19/25 taps, next 03:16)
[2026-09-29 02:37:02] ℹ ⏳ পরের mine 39m 27s পরে (03:16)
──── tick 11 ────

  LEAF EARN MINER · MULTI  
[2026-09-29 02:37:05] ✔ auth ✓ Abdur081 · 🌿 5689 leaf · role=USER
── main ── 🌿 5689 leaf · 🎁 Heart (pts 237/300 · 19/25 taps, next 03:16)
[2026-09-29 02:37:05] ℹ ⏳ পরের mine 39m 23s পরে (03:16)
──── tick 12 ────

  LEAF EARN MINER · MULTI  
[2026-09-29 02:37:09] ✔ auth ✓ Abdur081 · 🌿 5689 leaf · role=USER
── main ── 🌿 5689 leaf · 🎁 Heart (pts 237/300 · 19/25 taps, next 03:16)
[2026-09-29 02:37:09] ℹ ⏳ পরের mine 39m 19s পরে (03:16)
──── tick 13 ────

  LEAF EARN MINER · MULTI  
[2026-09-29 02:37:13] ✔ auth ✓ Abdur081 · 🌿 5689 leaf · role=USER
── main ── 🌿 5689 leaf · 🎁 Heart (pts 237/300 · 19/25 taps, next 03:16)
[2026-09-29 02:37:13] ℹ ⏳ পরের mine 39m 16s পরে (03:16)
──── tick 14 ────

  LEAF EARN MINER · MULTI  
[2026-09-29 02:37:16] ✔ auth ✓ Abdur081 · 🌿 5689 leaf · role=USER
── main ── 🌿 5689 leaf · 🎁 Heart (pts 237/300 · 19/25 taps, next 03:16)
[2026-09-29 02:37:17] ℹ ⏳ পরের mine 39m 12s পরে (03:16)
