
[45m[1m  LEAF EARN MINER · MULTI  [0m
[2026-09-29 03:09:06] [36mℹ[0m 🤖 AUTOPILOT চালু — mine · spin · ads(১২ঘ রিসেট) · quick · games(সব স্লট) · claims · missions — Ctrl+C = বন্ধ
[2026-09-29 03:09:06] [32m✔[0m auth ✓ Abdur081 · 🌿 12415 leaf · role=USER
[1m[35m── main ──[0m [32m🌿 12415 leaf[0m · [36m🎁 Heart[0m [2m(pts 237/300 · 19/25 taps, next 03:16)[0m
[2026-09-29 03:09:06] [36mℹ[0m ⏳ পরের mine 7m 22s পরে (03:16)
[2026-09-29 03:09:21] [33m⚠[0m ADEXIUM #6: Something went wrong — please reopen Leaf
[2026-09-29 03:09:21] [36mℹ[0m LINK ↳ land 200 https://hai8g.com/4/11808215
[2026-09-29 03:09:22] [36mℹ[0m LINK ↳ redir 200 https://hai8g.com/partitial/5117867?var=11808215&ab2r=0&rhd=false&sf=1
[2026-09-29 03:09:22] [36mℹ[0m LINK ↳ land2 200 https://nennne.cc/
[2026-09-29 03:09:37] [33m⚠[0m LINK "Click & Earn" 1/3: Something went wrong — please reopen Leaf
[2026-09-29 03:09:51] [32m✔[0m adcrack শেষ — views ✓0, claims ✓0
[2026-09-29 03:09:52] [33m⚠[0m Tic-Tac-Toe: slot ends (6/6) — next 23h 29m
[2026-09-29 03:09:52] [33m⚠[0m Word Search: slot ends (6/6) — next 23h 32m
[2026-09-29 03:09:52] [33m⚠[0m Snake: slot ends (6/6) — next 23h 38m
[2026-09-29 03:09:52] [33m⚠[0m Leaf Shooter: slot ends (6/6) — next 23h 44m
[2026-09-29 03:09:52] [36mℹ[0m ▶ Block Breaker playing... (slots 1/6)

[45m[1m  LEAF EARN MINER · MULTI  [0m
[2026-09-29 03:13:21] [36mℹ[0m 🤖 AUTOPILOT চালু — mine · spin · ads(১২ঘ রিসেট) · quick · games(সব স্লট) · claims · missions — Ctrl+C = বন্ধ
[2026-09-29 03:13:22] [32m✔[0m auth ✓ Abdur081 · 🌿 12415 leaf · role=USER
[1m[35m── main ──[0m [32m🌿 12415 leaf[0m · [36m🎁 Heart[0m [2m(pts 237/300 · 19/25 taps, next 03:16)[0m
[2026-09-29 03:13:22] [36mℹ[0m ⏳ পরের mine 3m 07s পরে (03:16)
[2026-09-29 03:13:36] [33m⚠[0m ADEXIUM #6: Something went wrong — please reopen Leaf
[2026-09-29 03:13:37] [36mℹ[0m LINK ↳ land 200 https://hai8g.com/4/11808215
[2026-09-29 03:13:37] [36mℹ[0m LINK ↳ redir 200 https://hai8g.com/partitial/5117867?var=11808215&ab2r=0&rhd=false&sf=1
[2026-09-29 03:13:37] [36mℹ[0m LINK ↳ land2 200 https://nennne.cc/
[2026-09-29 03:13:50] [33m⚠[0m LINK "Click & Earn" 1/3: Something went wrong — please reopen Leaf
[2026-09-29 03:14:15] [32m✔[0m quick ADSGRAM_LINK +100 ✓ (bal 12515)
[2026-09-29 03:14:31] [32m✔[0m adcrack শেষ — views ✓0, claims ✓1
[2026-09-29 03:14:31] [33m⚠[0m Tic-Tac-Toe: slot ends (6/6) — next 23h 25m
[2026-09-29 03:14:31] [33m⚠[0m Word Search: slot ends (6/6) — next 23h 27m
[2026-09-29 03:14:31] [33m⚠[0m Snake: slot ends (6/6) — next 23h 33m
[2026-09-29 03:14:32] [33m⚠[0m Leaf Shooter: slot ends (6/6) — next 23h 40m
[2026-09-29 03:14:32] [36mℹ[0m ▶ Block Breaker playing... (slots 2/6)
