
[45m[1m  LEAF EARN MINER · MULTI  [0m
[2026-09-29 14:36:42] [36mℹ[0m adview "Watch Ads & Earn #1" (ADSGRAM) — 7 ভিউ
[2026-09-29 14:36:57] [32m✔[0m Watch Ads & Earn #1 1/7  ✅ +200 (base 200, div 1, tap 1/1 → FULL ✓) bal=12815
[2026-09-29 14:37:14] [32m✔[0m Watch Ads & Earn #1 2/7  ✅ +150 (base 150, div 1, tap 1/1 → FULL ✓) bal=12965
[2026-09-29 14:37:31] [32m✔[0m Watch Ads & Earn #1 3/7  ✅ +100 (base 100, div 1, tap 1/1 → FULL ✓) bal=13065
[2026-09-29 14:37:48] [32m✔[0m Watch Ads & Earn #1 4/7  ✅ +70 (base 70, div 1, tap 1/1 → FULL ✓) bal=13135
[2026-09-29 14:38:06] [32m✔[0m Watch Ads & Earn #1 5/7  ✅ +60 (base 60, div 1, tap 1/1 → FULL ✓) bal=13195
[2026-09-29 14:38:24] [32m✔[0m Watch Ads & Earn #1 6/7  ✅ +50 (base 50, div 1, tap 1/1 → FULL ✓) bal=13245
[2026-09-29 14:38:42] [32m✔[0m Watch Ads & Earn #1 7/7  ✅ +50 (base 50, div 1, tap 1/1 → FULL ✓) bal=13295
[2026-09-29 14:38:44] [36mℹ[0m adview "Watch Ads & Earn #2" (MONETAG) — 10 ভিউ
[2026-09-29 14:38:59] [32m✔[0m Watch Ads & Earn #2 1/10  ✅ +100 (base 100, div 1, tap 0/0 → FULL ✓) bal=13395
[2026-09-29 14:39:17] [32m✔[0m Watch Ads & Earn #2 2/10  ✅ +90 (base 90, div 1, tap 0/0 → FULL ✓) bal=13485
[2026-09-29 14:39:34] [32m✔[0m Watch Ads & Earn #2 3/10  ✅ +80 (base 80, div 1, tap 0/0 → FULL ✓) bal=13565
[2026-09-29 14:39:51] [32m✔[0m Watch Ads & Earn #2 4/10  ✅ +70 (base 70, div 1, tap 0/0 → FULL ✓) bal=13635
[2026-09-29 14:40:08] [32m✔[0m Watch Ads & Earn #2 5/10  ✅ +60 (base 60, div 1, tap 0/0 → FULL ✓) bal=13695
[2026-09-29 14:40:26] [32m✔[0m Watch Ads & Earn #2 6/10  ✅ +50 (base 50, div 1, tap 0/0 → FULL ✓) bal=13745
[2026-09-29 14:40:43] [32m✔[0m Watch Ads & Earn #2 7/10  ✅ +40 (base 40, div 1, tap 0/0 → FULL ✓) bal=13785
[2026-09-29 14:41:01] [32m✔[0m Watch Ads & Earn #2 8/10  ✅ +30 (base 30, div 1, tap 0/0 → FULL ✓) bal=13815
[2026-09-29 14:41:20] [32m✔[0m Watch Ads & Earn #2 9/10  ✅ +20 (base 20, div 1, tap 0/0 → FULL ✓) bal=13835
[2026-09-29 14:41:39] [32m✔[0m Watch Ads & Earn #2 10/10  ✅ +10 (base 10, div 1, tap 0/0 → FULL ✓) bal=13845
[2026-09-29 14:41:56] [33m⚠[0m ADEXIUM #6: Something went wrong — please reopen Leaf
[2026-09-29 14:41:56] [36mℹ[0m LINK ↳ land 200 https://hai8g.com/4/11808215
[2026-09-29 14:41:57] [36mℹ[0m LINK ↳ redir 200 https://hai8g.com/partitial/5117867?var=11808215&ab2r=0&rhd=false&sf=1
[2026-09-29 14:41:57] [36mℹ[0m LINK ↳ land2 200 https://nennne.cc/
[2026-09-29 14:42:10] [33m⚠[0m LINK "Click & Earn" 1/3: Something went wrong — please reopen Leaf
[2026-09-29 14:42:37] [32m✔[0m quick ADSGRAM_LINK +100 ✓ (bal 13945)
[2026-09-29 14:43:10] [32m✔[0m quick ADSGRAM_LINK +100 ✓ (bal 14045)
[2026-09-29 14:43:34] [32m✔[0m quick ADSGRAM_LINK +100 ✓ (bal 14145)
[2026-09-29 14:43:50] [32m✔[0m adcrack শেষ — views ✓17, claims ✓3
