
[45m[1m  LEAF EARN MINER · MULTI  [0m
[2026-09-29 15:56:32] [36mℹ[0m 🤖 AUTOPILOT চালু — mine · spin · ads(১২ঘ রিসেট) · quick · games(সব স্লট) · claims · missions — Ctrl+C = বন্ধ
[2026-09-29 15:56:32] [32m✔[0m auth ✓ Abdur081 · 🌿 16295 leaf · role=USER
[1m[35m── main ──[0m [32m🌿 16295 leaf[0m · [36m🎁 Heart[0m [2m(pts 321/312 · 26/26 taps, next 16:34)[0m
[2026-09-29 15:56:32] [36mℹ[0m → CLAIM (Heart, 321/312 pts)...
[2026-09-29 15:56:45] [31m✘[0m claim fail: সাপোর্ট অ্যাকাউন্টে একটা "Hi" পাঠান, তারপর আবার claim করুন।
[2026-09-29 15:57:00] [33m⚠[0m ADEXIUM #6: Something went wrong — please reopen Leaf
[2026-09-29 15:57:00] [36mℹ[0m LINK ↳ land 200 https://hai8g.com/4/11808215
[2026-09-29 15:57:00] [36mℹ[0m LINK ↳ redir 200 https://hai8g.com/partitial/5117867?var=11808215&ab2r=0&rhd=false&sf=1
[2026-09-29 15:57:01] [36mℹ[0m LINK ↳ land2 200 https://nennne.cc/
[2026-09-29 15:57:14] [33m⚠[0m LINK "Click & Earn" 1/3: Something went wrong — please reopen Leaf
[2026-09-29 15:57:27] [32m✔[0m adcrack শেষ — views ✓0, claims ✓0
[2026-09-29 15:57:28] [33m⚠[0m Tic-Tac-Toe: slot ends (6/6) — next 10h 42m
[2026-09-29 15:57:28] [33m⚠[0m Word Search: slot ends (6/6) — next 10h 44m
[2026-09-29 15:57:28] [33m⚠[0m Snake: slot ends (6/6) — next 10h 50m
[2026-09-29 15:57:28] [33m⚠[0m Leaf Shooter: slot ends (6/6) — next 10h 57m
[2026-09-29 15:57:29] [33m⚠[0m Block Breaker: slot ends (6/6) — next 11h 03m
[2026-09-29 15:57:29] [36mℹ[0m games summary: ok=0 fail=0 skip=5
[2026-09-29 15:57:30] [36mℹ[0m tasks: total=11 pending=5
[2026-09-29 15:57:30] [36mℹ[0m task "Add Leaf to your bio" (BIO) +200 · try 0/1
[2026-09-29 15:57:33] [33m⚠[0m task "Add Leaf to your bio": bio doesn't have the link yet → Telegram bio-তে এই লাইনটা বসাও: 🍀 Best Earning Bot :- t.me/LeafEarnBot/app?startapp=1692540458
[2026-09-29 15:57:35] [36mℹ[0m ad-task "Watch Ads & Earn #3" (0/5) → adwatch সামলাবে
[2026-09-29 15:57:37] [36mℹ[0m task "Open Boinkers and win GRAM" (TELEGRAM) +80 · try 0/1
