
[45m[1m  LEAF EARN MINER · MULTI  [0m
[2026-09-30 11:41:04] [36mℹ[0m adview "Watch Ads & Earn #1" (ADSGRAM) — 7 ভিউ
[2026-09-30 11:41:19] [32m✔[0m Watch Ads & Earn #1 1/7  ✅ +200 (base 200, div 1, tap 1/1 → FULL ✓) bal=19545
[2026-09-30 11:41:36] [32m✔[0m Watch Ads & Earn #1 2/7  ✅ +150 (base 150, div 1, tap 1/1 → FULL ✓) bal=19695
[2026-09-30 11:41:54] [32m✔[0m Watch Ads & Earn #1 3/7  ✅ +100 (base 100, div 1, tap 1/1 → FULL ✓) bal=19795
[2026-09-30 11:42:11] [32m✔[0m Watch Ads & Earn #1 4/7  ✅ +70 (base 70, div 1, tap 1/1 → FULL ✓) bal=19865
[2026-09-30 11:42:29] [32m✔[0m Watch Ads & Earn #1 5/7  ✅ +60 (base 60, div 1, tap 1/1 → FULL ✓) bal=19925

[45m[1m  ⚠ QUICK SAFETY CHECK দরকার (main)  [0m
[33m⚠[0m Leaf সার্ভার একটা ৪-সংখ্যার কোড চাইছে (leaf.v1.TaskService/StartAdView)। বট এখন কোড পাঠাতে বলছে…
[33m⚠[0m Telegram-এ @LeafEarnBot-এর মেসেজে কোড আসবে → চালাও:  node leafmine.js safety <CODE> --only main
[33m⚠[0m (অথবা ফোনে Leaf অ্যাপ খুলে কোডটা দিলেও হবে — বট নিজে থেকে আবার চালু হবে)


[45m[1m  ⏳ SAFETY CODE দরকার  [0m
[33m⚠[0m সার্ভার "leaf.v1.TaskService/StartAdView" আটকে দিয়েছে। Telegram-এ @LeafEarnBot-এর মেসেজে ৪-ডিজিট কোড এসেছে (অথবা ফোনে Leaf অ্যাপ খুলে কোড দিন)। বট 25 মিনিট অপেক্ষা করবে…

[36mℹ[0m কোডের মেয়াদ 300s বাকি — অপেক্ষা করছি…
[36mℹ[0m কোডের মেয়াদ 285s বাকি — অপেক্ষা করছি…
[36mℹ[0m কোডের মেয়াদ 269s বাকি — অপেক্ষা করছি…
[36mℹ[0m কোডের মেয়াদ 254s বাকি — অপেক্ষা করছি…
[36mℹ[0m কোডের মেয়াদ 238s বাকি — অপেক্ষা করছি…
[36mℹ[0m কোডের মেয়াদ 223s বাকি — অপেক্ষা করছি…
[36mℹ[0m কোডের মেয়াদ 207s বাকি — অপেক্ষা করছি…
[36mℹ[0m কোডের মেয়াদ 192s বাকি — অপেক্ষা করছি…
[36mℹ[0m কোডের মেয়াদ 176s বাকি — অপেক্ষা করছি…
[36mℹ[0m কোডের মেয়াদ 161s বাকি — অপেক্ষা করছি…
[36mℹ[0m কোডের মেয়াদ 145s বাকি — অপেক্ষা করছি…
[36mℹ[0m কোডের মেয়াদ 130s বাকি — অপেক্ষা করছি…
[36mℹ[0m কোডের মেয়াদ 114s বাকি — অপেক্ষা করছি…
[36mℹ[0m কোডের মেয়াদ 99s বাকি — অপেক্ষা করছি…
[36mℹ[0m কোডের মেয়াদ 83s বাকি — অপেক্ষা করছি…
[36mℹ[0m কোডের মেয়াদ 68s বাকি — অপেক্ষা করছি…
[36mℹ[0m কোডের মেয়াদ 52s বাকি — অপেক্ষা করছি…
[36mℹ[0m কোডের মেয়াদ 37s বাকি — অপেক্ষা করছি…
[36mℹ[0m কোডের মেয়াদ 22s বাকি — অপেক্ষা করছি…
[36mℹ[0m কোডের মেয়াদ 6s বাকি — অপেক্ষা করছি…
[36mℹ[0m নতুন কোড চাওয়া হলো — অপেক্ষা করছি…
[36mℹ[0m কোডের মেয়াদ 284s বাকি — অপেক্ষা করছি…
[36mℹ[0m কোডের মেয়াদ 269s বাকি — অপেক্ষা করছি…
[36mℹ[0m কোডের মেয়াদ 253s বাকি — অপেক্ষা করছি…
[36mℹ[0m কোডের মেয়াদ 238s বাকি — অপেক্ষা করছি…
[36mℹ[0m কোডের মেয়াদ 223s বাকি — অপেক্ষা করছি…
[36mℹ[0m কোডের মেয়াদ 207s বাকি — অপেক্ষা করছি…
