
[45m[1m  LEAF EARN MINER · MULTI  [0m
[2026-09-30 11:57:07] [36mℹ[0m adview "Watch Ads & Earn #1" (ADSGRAM) — 2 ভিউ

[45m[1m  ⚠ QUICK SAFETY CHECK দরকার (main)  [0m
[33m⚠[0m Leaf সার্ভার একটা ৪-সংখ্যার কোড চাইছে (leaf.v1.TaskService/StartAdView)। বট এখন কোড পাঠাতে বলছে…
[33m⚠[0m Telegram-এ @LeafEarnBot-এর মেসেজে কোড আসবে → চালাও:  node leafmine.js safety <CODE> --only main
[33m⚠[0m (অথবা ফোনে Leaf অ্যাপ খুলে কোডটা দিলেও হবে — বট নিজে থেকে আবার চালু হবে)


[45m[1m  ⏳ SAFETY CODE দরকার  [0m
[33m⚠[0m সার্ভার "leaf.v1.TaskService/StartAdView" আটকে দিয়েছে। Telegram-এ @LeafEarnBot-এর মেসেজে ৪-ডিজিট কোড এসেছে (অথবা ফোনে Leaf অ্যাপ খুলে কোড দিন)। বট 30 মিনিট অপেক্ষা করবে…

[36mℹ[0m কোডের মেয়াদ 262s বাকি — অপেক্ষা করছি…
[32m✔[0m safety ✓ passed — কাজ আবার শুরু হচ্ছে

[2026-09-30 11:57:38] [32m✔[0m Watch Ads & Earn #1 1/2  ✅ +50 (base 50, div 1, tap 1/1 → FULL ✓) bal=20025
[2026-09-30 11:57:55] [32m✔[0m Watch Ads & Earn #1 2/2  ✅ +50 (base 50, div 1, tap 1/1 → FULL ✓) bal=20075
[2026-09-30 11:57:57] [36mℹ[0m adview "Watch Ads & Earn #2" (MONETAG) — 10 ভিউ
[2026-09-30 11:58:13] [32m✔[0m Watch Ads & Earn #2 1/10  ✅ +100 (base 100, div 1, tap 0/0 → FULL ✓) bal=20175
[2026-09-30 11:58:29] [32m✔[0m Watch Ads & Earn #2 2/10  ✅ +90 (base 90, div 1, tap 0/0 → FULL ✓) bal=20265
[2026-09-30 11:58:47] [32m✔[0m Watch Ads & Earn #2 3/10  ✅ +80 (base 80, div 1, tap 0/0 → FULL ✓) bal=20345
[2026-09-30 11:59:05] [32m✔[0m Watch Ads & Earn #2 4/10  ✅ +70 (base 70, div 1, tap 0/0 → FULL ✓) bal=20415
[2026-09-30 11:59:23] [32m✔[0m Watch Ads & Earn #2 5/10  ✅ +60 (base 60, div 1, tap 0/0 → FULL ✓) bal=20475
[2026-09-30 11:59:42] [32m✔[0m Watch Ads & Earn #2 6/10  ✅ +50 (base 50, div 1, tap 0/0 → FULL ✓) bal=20525
[2026-09-30 11:59:59] [32m✔[0m Watch Ads & Earn #2 7/10  ✅ +40 (base 40, div 1, tap 0/0 → FULL ✓) bal=20565
[2026-09-30 12:00:17] [32m✔[0m Watch Ads & Earn #2 8/10  ✅ +30 (base 30, div 1, tap 0/0 → FULL ✓) bal=20595

[45m[1m  ⏳ SAFETY CODE দরকার  [0m
[33m⚠[0m সার্ভার "leaf.v1.TaskService/StartAdView" আটকে দিয়েছে। Telegram-এ @LeafEarnBot-এর মেসেজে ৪-ডিজিট কোড এসেছে (অথবা ফোনে Leaf অ্যাপ খুলে কোড দিন)। বট 30 মিনিট অপেক্ষা করবে…

[36mℹ[0m নতুন কোড চাওয়া হলো — অপেক্ষা করছি…
[36mℹ[0m কোডের মেয়াদ 284s বাকি — অপেক্ষা করছি…
[36mℹ[0m কোডের মেয়াদ 269s বাকি — অপেক্ষা করছি…
[36mℹ[0m কোডের মেয়াদ 254s বাকি — অপেক্ষা করছি…
[36mℹ[0m কোডের মেয়াদ 238s বাকি — অপেক্ষা করছি…
[36mℹ[0m কোডের মেয়াদ 222s বাকি — অপেক্ষা করছি…
[36mℹ[0m কোডের মেয়াদ 207s বাকি — অপেক্ষা করছি…
[36mℹ[0m কোডের মেয়াদ 192s বাকি — অপেক্ষা করছি…
[36mℹ[0m কোডের মেয়াদ 176s বাকি — অপেক্ষা করছি…
[36mℹ[0m কোডের মেয়াদ 161s বাকি — অপেক্ষা করছি…
[36mℹ[0m কোডের মেয়াদ 145s বাকি — অপেক্ষা করছি…
[32m✔[0m safety ✓ passed — কাজ আবার শুরু হচ্ছে

[2026-09-30 12:03:25] [32m✔[0m Watch Ads & Earn #2 9/10  ✅ +20 (base 20, div 1, tap 0/0 → FULL ✓) bal=20665
[2026-09-30 12:03:44] [32m✔[0m Watch Ads & Earn #2 10/10  ✅ +10 (base 10, div 1, tap 0/0 → FULL ✓) bal=20675
