🎁 Win Telegram Premium  [event #1]
   ⏱ 10-02 06:00 → 10-07 06:00 UTC
   ⭐ points: 0 · rank #0 / 585 জন
   🔁 cycles: 0 · step: 0
   💰 reset price: 5000 leaf (বাকি 2) · boost price: 12500 leaf (বাকি 1)
   📋 cycle-এর ধাপ: 1) MONETAG/popup +5  2) MONETAG/popup +5  3) ADSGRAM/interstitial +10  4) ADSGRAM/rewarded +10  5) ADSGRAM/rewarded +10  6) ADSGRAM/rewarded +10  7) ADSGRAM/rewarded +10  8) ADSGRAM/rewarded +10  9) ADSGRAM/rewarded +10  10) ADSGRAM/rewarded +10  11) ADSGRAM/rewarded +15  12) ADSGRAM/rewarded +15  13) ADSGRAM/rewarded +15  14) ADSGRAM/rewarded +15
⚠ StartAd ব্যর্থ: safety_check_required
⚠ StartAd ব্যর্থ: safety_check_required
⚠ StartAd ব্যর্থ: safety_check_required
⚠ StartAd ব্যর্থ: safety_check_required
⚠ StartAd ব্যর্থ: safety_check_required
⚠ StartAd ব্যর্থ: safety_check_required
⚠ StartAd ব্যর্থ: safety_check_required
⚠ StartAd ব্যর্থ: safety_check_required
🎁 Win Telegram Premium  [event #1]
   ⏱ 10-02 06:00 → 10-07 06:00 UTC
   ⭐ points: 0 · rank #0 / 594 জন
   🔁 cycles: 0 · step: 0
   💰 reset price: 5000 leaf (বাকি 2) · boost price: 12500 leaf (বাকি 1)
   📋 cycle-এর ধাপ: 1) MONETAG/popup +5  2) MONETAG/popup +5  3) ADSGRAM/interstitial +10  4) ADSGRAM/rewarded +10  5) ADSGRAM/rewarded +10  6) ADSGRAM/rewarded +10  7) ADSGRAM/rewarded +10  8) ADSGRAM/rewarded +10  9) ADSGRAM/rewarded +10  10) ADSGRAM/rewarded +10  11) ADSGRAM/rewarded +15  12) ADSGRAM/rewarded +15  13) ADSGRAM/rewarded +15  14) ADSGRAM/rewarded +15
📵 অ্যাড শো ব্যর্থ (no fill) — MONETAG/popup, পরে আবার
📵 অ্যাড শো ব্যর্থ (no fill) — MONETAG/popup, পরে আবার
🎁 giveaway রান শেষ — অ্যাড 0টা · points +0 · মোট 0 · rank #0 / 594
